// Jest Snapshot v1, https://goo.gl/fbAQLP

exports[`Search renders correctly 1`] = `
<DocumentFragment>
  <form
    class="searchForm"
  >
    <input
      class="searchInput"
      type="text"
    />
    <button
      class="submitButton"
      type="submit"
    >
      <svg
        fill="currentColor"
        height="1em"
        stroke="currentColor"
        stroke-width="0"
        viewBox="0 0 24 24"
        width="1em"
        xmlns="http://www.w3.org/2000/svg"
      >
        <path
          d="M13.8,13.8 L18,18 L13.8,13.8 Z M10.5,15 C12.9852814,15 15,12.9852814 15,10.5 C15,8.01471863 12.9852814,6 10.5,6 C8.01471863,6 6,8.01471863 6,10.5 C6,12.9852814 8.01471863,15 10.5,15 Z"
          fill="none"
          stroke="#000"
          stroke-width="2"
        />
      </svg>
    </button>
  </form>
</DocumentFragment>
`;
